// Jest Snapshot v1, https://goo.gl/fbAQLP

exports[`A suite should render 1`] = `
<div
  className="foo"
>
  Simple Bar
</div>
`;
